2022-08-16 20:55:50.021067: I tensorflow/stream_executor/cuda/cuda_dnn.cc:368] Loaded cuDNN version 8303
2022-08-16 20:55:50.468983: I tensorflow/stream_executor/cuda/cuda_dnn.cc:368] Loaded cuDNN version 8303
2022-08-16 20:55:50.485847: I tensorflow/stream_executor/cuda/cuda_dnn.cc:368] Loaded cuDNN version 8303
2022-08-16 20:55:50.500552: I tensorflow/stream_executor/cuda/cuda_dnn.cc:368] Loaded cuDNN version 8303
2022-08-16 20:55:50.514617: I tensorflow/stream_executor/cuda/cuda_dnn.cc:368] Loaded cuDNN version 8303
2022-08-16 20:55:50.528272: I tensorflow/stream_executor/cuda/cuda_dnn.cc:368] Loaded cuDNN version 8303
2022-08-16 20:55:50.544053: I tensorflow/stream_executor/cuda/cuda_dnn.cc:368] Loaded cuDNN version 8303
gn1227:29692:30863 [0] NCCL INFO Bootstrap : Using ib0:10.100.12.27<0>
gn1227:29692:30863 [0] NCCL INFO NET/Plugin: Failed to find ncclNetPlugin_v5 symbol.
gn1227:29692:30863 [0] NCCL INFO NET/Plugin: Failed to find ncclCollNetPlugin_v5 symbol.
gn1227:29692:30863 [0] NCCL INFO Plugin Path : /opt/hpcx/nccl_rdma_sharp_plugin/lib/libnccl-net.so
gn1227:29692:30863 [0] NCCL INFO P2P plugin IBext
gn1227:29692:30863 [0] NCCL INFO NET/IB : Using [0]mlx5_0:1/IB [1]mlx5_1:1/IB [2]mlx5_4:1/IB [3]mlx5_5:1/IB [4]mlx5_bond_0:1/RoCE ; OOB ib0:10.100.12.27<0>
gn1227:29692:30863 [0] NCCL INFO Using network IBext
NCCL version 2.12.9+cuda11.6
gn1227:29697:30853 [3] NCCL INFO Bootstrap : Using ib0:10.100.12.27<0>
gn1227:29695:30858 [5] NCCL INFO Bootstrap : Using ib0:10.100.12.27<0>
gn1227:29696:30857 [6] NCCL INFO Bootstrap : Using ib0:10.100.12.27<0>
gn1227:29693:30848 [4] NCCL INFO Bootstrap : Using ib0:10.100.12.27<0>
gn1227:29699:30851 [7] NCCL INFO Bootstrap : Using ib0:10.100.12.27<0>
gn1227:29694:30859 [2] NCCL INFO Bootstrap : Using ib0:10.100.12.27<0>
gn1227:29697:30853 [3] NCCL INFO NET/Plugin: Failed to find ncclNetPlugin_v5 symbol.
gn1227:29697:30853 [3] NCCL INFO NET/Plugin: Failed to find ncclCollNetPlugin_v5 symbol.
gn1227:29697:30853 [3] NCCL INFO Plugin Path : /opt/hpcx/nccl_rdma_sharp_plugin/lib/libnccl-net.so
gn1227:29697:30853 [3] NCCL INFO P2P plugin IBext
gn1227:29695:30858 [5] NCCL INFO NET/Plugin: Failed to find ncclNetPlugin_v5 symbol.
gn1227:29695:30858 [5] NCCL INFO NET/Plugin: Failed to find ncclCollNetPlugin_v5 symbol.
gn1227:29695:30858 [5] NCCL INFO Plugin Path : /opt/hpcx/nccl_rdma_sharp_plugin/lib/libnccl-net.so
gn1227:29695:30858 [5] NCCL INFO P2P plugin IBext
gn1227:29693:30848 [4] NCCL INFO NET/Plugin: Failed to find ncclNetPlugin_v5 symbol.
gn1227:29693:30848 [4] NCCL INFO NET/Plugin: Failed to find ncclCollNetPlugin_v5 symbol.
gn1227:29693:30848 [4] NCCL INFO Plugin Path : /opt/hpcx/nccl_rdma_sharp_plugin/lib/libnccl-net.so
gn1227:29693:30848 [4] NCCL INFO P2P plugin IBext
gn1227:29696:30857 [6] NCCL INFO NET/Plugin: Failed to find ncclNetPlugin_v5 symbol.
gn1227:29696:30857 [6] NCCL INFO NET/Plugin: Failed to find ncclCollNetPlugin_v5 symbol.
gn1227:29696:30857 [6] NCCL INFO Plugin Path : /opt/hpcx/nccl_rdma_sharp_plugin/lib/libnccl-net.so
gn1227:29696:30857 [6] NCCL INFO P2P plugin IBext
gn1227:29694:30859 [2] NCCL INFO NET/Plugin: Failed to find ncclNetPlugin_v5 symbol.
gn1227:29694:30859 [2] NCCL INFO NET/Plugin: Failed to find ncclCollNetPlugin_v5 symbol.
gn1227:29694:30859 [2] NCCL INFO Plugin Path : /opt/hpcx/nccl_rdma_sharp_plugin/lib/libnccl-net.so
gn1227:29694:30859 [2] NCCL INFO P2P plugin IBext
gn1227:29699:30851 [7] NCCL INFO NET/Plugin: Failed to find ncclNetPlugin_v5 symbol.
gn1227:29699:30851 [7] NCCL INFO NET/Plugin: Failed to find ncclCollNetPlugin_v5 symbol.
gn1227:29699:30851 [7] NCCL INFO Plugin Path : /opt/hpcx/nccl_rdma_sharp_plugin/lib/libnccl-net.so
gn1227:29699:30851 [7] NCCL INFO P2P plugin IBext
gn1227:29694:30859 [2] NCCL INFO NET/IB : Using [0]mlx5_0:1/IB [1]mlx5_1:1/IB [2]mlx5_4:1/IB [3]mlx5_5:1/IB [4]mlx5_bond_0:1/RoCE ; OOB ib0:10.100.12.27<0>
gn1227:29694:30859 [2] NCCL INFO Using network IBext
gn1227:29699:30851 [7] NCCL INFO NET/IB : Using [0]mlx5_0:1/IB [1]mlx5_1:1/IB [2]mlx5_4:1/IB [3]mlx5_5:1/IB [4]mlx5_bond_0:1/RoCE ; OOB ib0:10.100.12.27<0>
gn1227:29699:30851 [7] NCCL INFO Using network IBext
gn1227:29696:30857 [6] NCCL INFO NET/IB : Using [0]mlx5_0:1/IB [1]mlx5_1:1/IB [2]mlx5_4:1/IB [3]mlx5_5:1/IB [4]mlx5_bond_0:1/RoCE ; OOB ib0:10.100.12.27<0>
gn1227:29696:30857 [6] NCCL INFO Using network IBext
gn1228:22966:24171 [5] NCCL INFO Bootstrap : Using ib0:10.100.12.28<0>
gn1228:22974:24167 [3] NCCL INFO Bootstrap : Using ib0:10.100.12.28<0>
gn1228:22972:24162 [7] NCCL INFO Bootstrap : Using ib0:10.100.12.28<0>
gn1228:22968:24163 [6] NCCL INFO Bootstrap : Using ib0:10.100.12.28<0>
gn1228:22970:24161 [2] NCCL INFO Bootstrap : Using ib0:10.100.12.28<0>
gn1228:22969:24157 [0] NCCL INFO Bootstrap : Using ib0:10.100.12.28<0>
gn1228:22971:24158 [1] NCCL INFO Bootstrap : Using ib0:10.100.12.28<0>
gn1228:22967:24155 [4] NCCL INFO Bootstrap : Using ib0:10.100.12.28<0>
gn1228:22966:24171 [5] NCCL INFO NET/Plugin: Failed to find ncclNetPlugin_v5 symbol.
gn1228:22966:24171 [5] NCCL INFO NET/Plugin: Failed to find ncclCollNetPlugin_v5 symbol.
gn1228:22966:24171 [5] NCCL INFO Plugin Path : /opt/hpcx/nccl_rdma_sharp_plugin/lib/libnccl-net.so
gn1228:22966:24171 [5] NCCL INFO P2P plugin IBext
gn1228:22974:24167 [3] NCCL INFO NET/Plugin: Failed to find ncclNetPlugin_v5 symbol.
gn1228:22974:24167 [3] NCCL INFO NET/Plugin: Failed to find ncclCollNetPlugin_v5 symbol.
gn1228:22974:24167 [3] NCCL INFO Plugin Path : /opt/hpcx/nccl_rdma_sharp_plugin/lib/libnccl-net.so
gn1228:22974:24167 [3] NCCL INFO P2P plugin IBext
gn1228:22972:24162 [7] NCCL INFO NET/Plugin: Failed to find ncclNetPlugin_v5 symbol.
gn1228:22972:24162 [7] NCCL INFO NET/Plugin: Failed to find ncclCollNetPlugin_v5 symbol.
gn1228:22972:24162 [7] NCCL INFO Plugin Path : /opt/hpcx/nccl_rdma_sharp_plugin/lib/libnccl-net.so
gn1228:22972:24162 [7] NCCL INFO P2P plugin IBext
gn1228:22968:24163 [6] NCCL INFO NET/Plugin: Failed to find ncclNetPlugin_v5 symbol.
gn1228:22968:24163 [6] NCCL INFO NET/Plugin: Failed to find ncclCollNetPlugin_v5 symbol.
gn1228:22968:24163 [6] NCCL INFO Plugin Path : /opt/hpcx/nccl_rdma_sharp_plugin/lib/libnccl-net.so
gn1228:22968:24163 [6] NCCL INFO P2P plugin IBext
gn1228:22969:24157 [0] NCCL INFO NET/Plugin: Failed to find ncclNetPlugin_v5 symbol.
gn1228:22969:24157 [0] NCCL INFO NET/Plugin: Failed to find ncclCollNetPlugin_v5 symbol.
gn1228:22969:24157 [0] NCCL INFO Plugin Path : /opt/hpcx/nccl_rdma_sharp_plugin/lib/libnccl-net.so
gn1228:22970:24161 [2] NCCL INFO NET/Plugin: Failed to find ncclNetPlugin_v5 symbol.
gn1228:22970:24161 [2] NCCL INFO NET/Plugin: Failed to find ncclCollNetPlugin_v5 symbol.
gn1228:22970:24161 [2] NCCL INFO Plugin Path : /opt/hpcx/nccl_rdma_sharp_plugin/lib/libnccl-net.so
gn1228:22970:24161 [2] NCCL INFO P2P plugin IBext
gn1228:22969:24157 [0] NCCL INFO P2P plugin IBext
gn1228:22971:24158 [1] NCCL INFO NET/Plugin: Failed to find ncclNetPlugin_v5 symbol.
gn1228:22971:24158 [1] NCCL INFO NET/Plugin: Failed to find ncclCollNetPlugin_v5 symbol.
gn1228:22971:24158 [1] NCCL INFO Plugin Path : /opt/hpcx/nccl_rdma_sharp_plugin/lib/libnccl-net.so
gn1228:22971:24158 [1] NCCL INFO P2P plugin IBext
gn1228:22967:24155 [4] NCCL INFO NET/Plugin: Failed to find ncclNetPlugin_v5 symbol.
gn1228:22967:24155 [4] NCCL INFO NET/Plugin: Failed to find ncclCollNetPlugin_v5 symbol.
gn1228:22967:24155 [4] NCCL INFO Plugin Path : /opt/hpcx/nccl_rdma_sharp_plugin/lib/libnccl-net.so
gn1228:22967:24155 [4] NCCL INFO P2P plugin IBext
gn1228:22968:24163 [6] NCCL INFO NET/IB : Using [0]mlx5_0:1/IB [1]mlx5_1:1/IB [2]mlx5_4:1/IB [3]mlx5_5:1/IB [4]mlx5_bond_0:1/RoCE ; OOB ib0:10.100.12.28<0>
gn1228:22968:24163 [6] NCCL INFO Using network IBext
gn1228:22974:24167 [3] NCCL INFO NET/IB : Using [0]mlx5_0:1/IB [1]mlx5_1:1/IB [2]mlx5_4:1/IB [3]mlx5_5:1/IB [4]mlx5_bond_0:1/RoCE ; OOB ib0:10.100.12.28<0>
gn1228:22974:24167 [3] NCCL INFO Using network IBext
gn1228:22966:24171 [5] NCCL INFO NET/IB : Using [0]mlx5_0:1/IB [1]mlx5_1:1/IB [2]mlx5_4:1/IB [3]mlx5_5:1/IB [4]mlx5_bond_0:1/RoCE ; OOB ib0:10.100.12.28<0>
gn1228:22966:24171 [5] NCCL INFO Using network IBext
gn1228:22971:24158 [1] NCCL INFO NET/IB : Using [0]mlx5_0:1/IB [1]mlx5_1:1/IB [2]mlx5_4:1/IB [3]mlx5_5:1/IB [4]mlx5_bond_0:1/RoCE ; OOB ib0:10.100.12.28<0>
gn1228:22971:24158 [1] NCCL INFO Using network IBext
gn1228:22969:24157 [0] NCCL INFO NET/IB : Using [0]mlx5_0:1/IB [1]mlx5_1:1/IB [2]mlx5_4:1/IB [3]mlx5_5:1/IB [4]mlx5_bond_0:1/RoCE ; OOB ib0:10.100.12.28<0>
gn1228:22969:24157 [0] NCCL INFO Using network IBext
gn1228:22970:24161 [2] NCCL INFO NET/IB : Using [0]mlx5_0:1/IB [1]mlx5_1:1/IB [2]mlx5_4:1/IB [3]mlx5_5:1/IB [4]mlx5_bond_0:1/RoCE ; OOB ib0:10.100.12.28<0>
gn1228:22970:24161 [2] NCCL INFO Using network IBext
gn1228:22967:24155 [4] NCCL INFO NET/IB : Using [0]mlx5_0:1/IB [1]mlx5_1:1/IB [2]mlx5_4:1/IB [3]mlx5_5:1/IB [4]mlx5_bond_0:1/RoCE ; OOB ib0:10.100.12.28<0>
gn1228:22967:24155 [4] NCCL INFO Using network IBext
gn1228:22972:24162 [7] NCCL INFO NET/IB : Using [0]mlx5_0:1/IB [1]mlx5_1:1/IB [2]mlx5_4:1/IB [3]mlx5_5:1/IB [4]mlx5_bond_0:1/RoCE ; OOB ib0:10.100.12.28<0>
gn1228:22972:24162 [7] NCCL INFO Using network IBext
gn1227:29693:30848 [4] NCCL INFO NET/IB : Using [0]mlx5_0:1/IB [1]mlx5_1:1/IB [2]mlx5_4:1/IB [3]mlx5_5:1/IB [4]mlx5_bond_0:1/RoCE ; OOB ib0:10.100.12.27<0>
gn1227:29693:30848 [4] NCCL INFO Using network IBext
gn1227:29695:30858 [5] NCCL INFO NET/IB : Using [0]mlx5_0:1/IB [1]mlx5_1:1/IB [2]mlx5_4:1/IB [3]mlx5_5:1/IB [4]mlx5_bond_0:1/RoCE ; OOB ib0:10.100.12.27<0>
gn1227:29695:30858 [5] NCCL INFO Using network IBext
gn1227:29697:30853 [3] NCCL INFO NET/IB : Using [0]mlx5_0:1/IB [1]mlx5_1:1/IB [2]mlx5_4:1/IB [3]mlx5_5:1/IB [4]mlx5_bond_0:1/RoCE ; OOB ib0:10.100.12.27<0>
gn1227:29697:30853 [3] NCCL INFO Using network IBext
gn1227:29698:30854 [1] NCCL INFO Bootstrap : Using ib0:10.100.12.27<0>
gn1227:29698:30854 [1] NCCL INFO NET/Plugin: Failed to find ncclNetPlugin_v5 symbol.
gn1227:29698:30854 [1] NCCL INFO NET/Plugin: Failed to find ncclCollNetPlugin_v5 symbol.
gn1227:29698:30854 [1] NCCL INFO Plugin Path : /opt/hpcx/nccl_rdma_sharp_plugin/lib/libnccl-net.so
gn1227:29698:30854 [1] NCCL INFO P2P plugin IBext
gn1227:29698:30854 [1] NCCL INFO NET/IB : Using [0]mlx5_0:1/IB [1]mlx5_1:1/IB [2]mlx5_4:1/IB [3]mlx5_5:1/IB [4]mlx5_bond_0:1/RoCE ; OOB ib0:10.100.12.27<0>
gn1227:29698:30854 [1] NCCL INFO Using network IBext
gn1228:22970:24161 [2] NCCL INFO PXN Disabled as plugin is v4
gn1228:22970:24161 [2] NCCL INFO Setting affinity for GPU 2 to f0
gn1228:22969:24157 [0] NCCL INFO PXN Disabled as plugin is v4
gn1228:22969:24157 [0] NCCL INFO Setting affinity for GPU 0 to 0f
gn1228:22968:24163 [6] NCCL INFO PXN Disabled as plugin is v4
gn1228:22974:24167 [3] NCCL INFO PXN Disabled as plugin is v4
gn1228:22966:24171 [5] NCCL INFO PXN Disabled as plugin is v4
gn1228:22966:24171 [5] NCCL INFO Setting affinity for GPU 5 to 3c000000
gn1228:22967:24155 [4] NCCL INFO PXN Disabled as plugin is v4
gn1228:22972:24162 [7] NCCL INFO PXN Disabled as plugin is v4
gn1228:22971:24158 [1] NCCL INFO PXN Disabled as plugin is v4
gn1228:22972:24162 [7] NCCL INFO Setting affinity for GPU 7 to 01,c0000000
gn1227:29693:30848 [4] NCCL INFO PXN Disabled as plugin is v4
gn1227:29695:30858 [5] NCCL INFO PXN Disabled as plugin is v4
gn1227:29699:30851 [7] NCCL INFO PXN Disabled as plugin is v4
gn1227:29695:30858 [5] NCCL INFO Setting affinity for GPU 5 to 3c000000
gn1227:29699:30851 [7] NCCL INFO Setting affinity for GPU 7 to 01,c0000000
gn1227:29696:30857 [6] NCCL INFO PXN Disabled as plugin is v4
gn1227:29694:30859 [2] NCCL INFO PXN Disabled as plugin is v4
gn1227:29698:30854 [1] NCCL INFO PXN Disabled as plugin is v4
gn1227:29694:30859 [2] NCCL INFO Setting affinity for GPU 2 to f0
gn1227:29697:30853 [3] NCCL INFO PXN Disabled as plugin is v4
gn1227:29692:30863 [0] NCCL INFO PXN Disabled as plugin is v4
gn1227:29692:30863 [0] NCCL INFO Setting affinity for GPU 0 to 0f
gn1228:22972:24162 [7] NCCL INFO Trees [0] 12/-1/-1->15->14 [1] 9/-1/-1->15->12 [2] -1/-1/-1->15->9 [3] 14/-1/-1->15->7 [4] 12/-1/-1->15->14 [5] 9/-1/-1->15->12 [6] -1/-1/-1->15->9 [7] 14/7/-1->15->-1
gn1228:22969:24157 [0] NCCL INFO Trees [0] 9/-1/-1->8->0 [1] 14/-1/-1->8->11 [2] 11/-1/-1->8->14 [3] 11/-1/-1->8->14 [4] 9/0/-1->8->-1 [5] 14/-1/-1->8->11 [6] 11/-1/-1->8->14 [7] 11/-1/-1->8->14
gn1228:22970:24161 [2] NCCL INFO Trees [0] 11/-1/-1->10->9 [1] 11/-1/-1->10->2 [2] 9/-1/-1->10->11 [3] 12/-1/-1->10->9 [4] 11/-1/-1->10->9 [5] 11/2/-1->10->-1 [6] 9/-1/-1->10->11 [7] 12/-1/-1->10->9
gn1228:22974:24167 [3] NCCL INFO Trees [0] 13/-1/-1->11->10 [1] 8/-1/-1->11->10 [2] 10/-1/-1->11->8 [3] 9/-1/-1->11->8 [4] 13/-1/-1->11->10 [5] 8/-1/-1->11->10 [6] 10/-1/-1->11->8 [7] 9/-1/-1->11->8
gn1228:22967:24155 [4] NCCL INFO Trees [0] -1/-1/-1->12->15 [1] 15/-1/-1->12->13 [2] 13/-1/-1->12->4 [3] 13/-1/-1->12->10 [4] -1/-1/-1->12->15 [5] 15/-1/-1->12->13 [6] 13/4/-1->12->-1 [7] 13/-1/-1->12->10
gn1227:29692:30863 [0] NCCL INFO Channel 00/08 :    0   3   2   4   5   6   7   1   8  11  10  12  13  14  15   9
gn1227:29692:30863 [0] NCCL INFO Channel 01/08 :    0   6   4   7   5   3  10   9   8  14  12  15  13  11   2   1
gn1227:29692:30863 [0] NCCL INFO Channel 02/08 :    0   1   2   3   5  12  15  14   8   9  10  11  13   4   7   6
gn1227:29692:30863 [0] NCCL INFO Channel 03/08 :    0   3   1   7  14  13  12  10   8  11   9  15   6   5   4   2
gn1227:29692:30863 [0] NCCL INFO Channel 04/08 :    0   3   2   4   5   6   7   1   8  11  10  12  13  14  15   9
gn1227:29692:30863 [0] NCCL INFO Channel 05/08 :    0   6   4   7   5   3  10   9   8  14  12  15  13  11   2   1
gn1227:29692:30863 [0] NCCL INFO Channel 06/08 :    0   1   2   3   5  12  15  14   8   9  10  11  13   4   7   6
gn1227:29692:30863 [0] NCCL INFO Channel 07/08 :    0   3   1   7  14  13  12  10   8  11   9  15   6   5   4   2
gn1228:22966:24171 [5] NCCL INFO Trees [0] 14/-1/-1->13->11 [1] 12/-1/-1->13->14 [2] 14/-1/-1->13->12 [3] -1/-1/-1->13->12 [4] 14/-1/-1->13->11 [5] 12/-1/-1->13->14 [6] 14/-1/-1->13->12 [7] -1/-1/-1->13->12
gn1228:22968:24163 [6] NCCL INFO Trees [0] 15/-1/-1->14->13 [1] 13/-1/-1->14->8 [2] 8/-1/-1->14->13 [3] 8/-1/-1->14->15 [4] 15/-1/-1->14->13 [5] 13/-1/-1->14->8 [6] 8/-1/-1->14->13 [7] 8/-1/-1->14->15
gn1227:29692:30863 [0] NCCL INFO Trees [0] 1/8/-1->0->-1 [1] 6/-1/-1->0->3 [2] 3/-1/-1->0->6 [3] 3/-1/-1->0->6 [4] 1/-1/-1->0->8 [5] 6/-1/-1->0->3 [6] 3/-1/-1->0->6 [7] 3/-1/-1->0->6
gn1228:22971:24158 [1] NCCL INFO Trees [0] 10/-1/-1->9->8 [1] -1/-1/-1->9->15 [2] 15/-1/-1->9->10 [3] 10/-1/-1->9->11 [4] 10/-1/-1->9->8 [5] -1/-1/-1->9->15 [6] 15/-1/-1->9->10 [7] 10/-1/-1->9->11
gn1227:29698:30854 [1] NCCL INFO Trees [0] 2/-1/-1->1->0 [1] -1/-1/-1->1->7 [2] 7/-1/-1->1->2 [3] 2/-1/-1->1->3 [4] 2/-1/-1->1->0 [5] -1/-1/-1->1->7 [6] 7/-1/-1->1->2 [7] 2/-1/-1->1->3
gn1227:29694:30859 [2] NCCL INFO Trees [0] 3/-1/-1->2->1 [1] 3/10/-1->2->-1 [2] 1/-1/-1->2->3 [3] 4/-1/-1->2->1 [4] 3/-1/-1->2->1 [5] 3/-1/-1->2->10 [6] 1/-1/-1->2->3 [7] 4/-1/-1->2->1
gn1227:29697:30853 [3] NCCL INFO Trees [0] 5/-1/-1->3->2 [1] 0/-1/-1->3->2 [2] 2/-1/-1->3->0 [3] 1/-1/-1->3->0 [4] 5/-1/-1->3->2 [5] 0/-1/-1->3->2 [6] 2/-1/-1->3->0 [7] 1/-1/-1->3->0
gn1227:29693:30848 [4] NCCL INFO Trees [0] -1/-1/-1->4->7 [1] 7/-1/-1->4->5 [2] 5/12/-1->4->-1 [3] 5/-1/-1->4->2 [4] -1/-1/-1->4->7 [5] 7/-1/-1->4->5 [6] 5/-1/-1->4->12 [7] 5/-1/-1->4->2
gn1227:29695:30858 [5] NCCL INFO Trees [0] 6/-1/-1->5->3 [1] 4/-1/-1->5->6 [2] 6/-1/-1->5->4 [3] -1/-1/-1->5->4 [4] 6/-1/-1->5->3 [5] 4/-1/-1->5->6 [6] 6/-1/-1->5->4 [7] -1/-1/-1->5->4
gn1227:29696:30857 [6] NCCL INFO Trees [0] 7/-1/-1->6->5 [1] 5/-1/-1->6->0 [2] 0/-1/-1->6->5 [3] 0/-1/-1->6->7 [4] 7/-1/-1->6->5 [5] 5/-1/-1->6->0 [6] 0/-1/-1->6->5 [7] 0/-1/-1->6->7
gn1227:29699:30851 [7] NCCL INFO Trees [0] 4/-1/-1->7->6 [1] 1/-1/-1->7->4 [2] -1/-1/-1->7->1 [3] 6/15/-1->7->-1 [4] 4/-1/-1->7->6 [5] 1/-1/-1->7->4 [6] -1/-1/-1->7->1 [7] 6/-1/-1->7->15
gn1227:29693:30848 [4] NCCL INFO Channel 00 : 4[b1000] -> 5[b2000] via P2P/IPC
gn1228:22967:24155 [4] NCCL INFO Channel 00 : 12[b1000] -> 13[b2000] via P2P/IPC
gn1227:29692:30863 [0] NCCL INFO Channel 02 : 0[1b000] -> 1[1c000] via P2P/IPC
gn1228:22969:24157 [0] NCCL INFO Channel 02 : 8[1b000] -> 9[1c000] via P2P/IPC
gn1227:29693:30848 [4] NCCL INFO Channel 04 : 4[b1000] -> 5[b2000] via P2P/IPC
gn1228:22967:24155 [4] NCCL INFO Channel 04 : 12[b1000] -> 13[b2000] via P2P/IPC
gn1227:29692:30863 [0] NCCL INFO Channel 06 : 0[1b000] -> 1[1c000] via P2P/IPC
gn1228:22969:24157 [0] NCCL INFO Channel 06 : 8[1b000] -> 9[1c000] via P2P/IPC
gn1228:22966:24171 [5] NCCL INFO Channel 00 : 13[b2000] -> 14[db000] via P2P/IPC
gn1227:29694:30859 [2] NCCL INFO Channel 02 : 2[3d000] -> 3[3e000] via P2P/IPC
gn1228:22968:24163 [6] NCCL INFO Channel 00 : 14[db000] -> 15[dc000] via P2P/IPC
gn1227:29695:30858 [5] NCCL INFO Channel 00 : 5[b2000] -> 6[db000] via P2P/IPC
gn1228:22970:24161 [2] NCCL INFO Channel 02 : 10[3d000] -> 11[3e000] via P2P/IPC
gn1228:22971:24158 [1] NCCL INFO Channel 02 : 9[1c000] -> 10[3d000] via P2P/IPC
gn1227:29698:30854 [1] NCCL INFO Channel 02 : 1[1c000] -> 2[3d000] via P2P/IPC
gn1227:29696:30857 [6] NCCL INFO Channel 00 : 6[db000] -> 7[dc000] via P2P/IPC
gn1228:22966:24171 [5] NCCL INFO Channel 04 : 13[b2000] -> 14[db000] via P2P/IPC
gn1227:29694:30859 [2] NCCL INFO Channel 06 : 2[3d000] -> 3[3e000] via P2P/IPC
gn1228:22968:24163 [6] NCCL INFO Channel 04 : 14[db000] -> 15[dc000] via P2P/IPC
gn1227:29695:30858 [5] NCCL INFO Channel 04 : 5[b2000] -> 6[db000] via P2P/IPC
gn1227:29698:30854 [1] NCCL INFO Channel 06 : 1[1c000] -> 2[3d000] via P2P/IPC
gn1228:22970:24161 [2] NCCL INFO Channel 06 : 10[3d000] -> 11[3e000] via P2P/IPC
gn1228:22971:24158 [1] NCCL INFO Channel 06 : 9[1c000] -> 10[3d000] via P2P/IPC
gn1227:29696:30857 [6] NCCL INFO Channel 04 : 6[db000] -> 7[dc000] via P2P/IPC
gn1227:29697:30853 [3] NCCL INFO Channel 02 : 3[3e000] -> 5[b2000] via P2P/IPC
gn1227:29692:30863 [0] NCCL INFO Channel 00 : 0[1b000] -> 3[3e000] via P2P/IPC
gn1228:22974:24167 [3] NCCL INFO Channel 02 : 11[3e000] -> 13[b2000] via P2P/IPC
gn1228:22969:24157 [0] NCCL INFO Channel 00 : 8[1b000] -> 11[3e000] via P2P/IPC
gn1227:29697:30853 [3] NCCL INFO Channel 06 : 3[3e000] -> 5[b2000] via P2P/IPC
gn1227:29692:30863 [0] NCCL INFO Channel 03 : 0[1b000] -> 3[3e000] via P2P/IPC
gn1228:22974:24167 [3] NCCL INFO Channel 06 : 11[3e000] -> 13[b2000] via P2P/IPC
gn1228:22969:24157 [0] NCCL INFO Channel 03 : 8[1b000] -> 11[3e000] via P2P/IPC
gn1228:22970:24161 [2] NCCL INFO Channel 00 : 10[3d000] -> 12[b1000] via P2P/IPC
gn1228:22971:24158 [1] NCCL INFO Channel 03 : 9[1c000] -> 15[dc000] via P2P/IPC
gn1228:22969:24157 [0] NCCL INFO Channel 04 : 8[1b000] -> 11[3e000] via P2P/IPC
gn1228:22970:24161 [2] NCCL INFO Channel 04 : 10[3d000] -> 12[b1000] via P2P/IPC
gn1228:22971:24158 [1] NCCL INFO Channel 07 : 9[1c000] -> 15[dc000] via P2P/IPC
gn1228:22969:24157 [0] NCCL INFO Channel 07 : 8[1b000] -> 11[3e000] via P2P/IPC
gn1228:22967:24155 [4] NCCL INFO Channel 01 : 12[b1000] -> 15[dc000] via P2P/IPC
gn1228:22967:24155 [4] NCCL INFO Channel 02 : 12[b1000] -> 15[dc000] via P2P/IPC
gn1228:22967:24155 [4] NCCL INFO Channel 05 : 12[b1000] -> 15[dc000] via P2P/IPC
gn1227:29694:30859 [2] NCCL INFO Channel 00 : 2[3d000] -> 4[b1000] via P2P/IPC
gn1227:29698:30854 [1] NCCL INFO Channel 03 : 1[1c000] -> 7[dc000] via P2P/IPC
gn1228:22967:24155 [4] NCCL INFO Channel 06 : 12[b1000] -> 15[dc000] via P2P/IPC
gn1227:29692:30863 [0] NCCL INFO Channel 04 : 0[1b000] -> 3[3e000] via P2P/IPC
gn1227:29694:30859 [2] NCCL INFO Channel 04 : 2[3d000] -> 4[b1000] via P2P/IPC
gn1227:29698:30854 [1] NCCL INFO Channel 07 : 1[1c000] -> 7[dc000] via P2P/IPC
gn1227:29692:30863 [0] NCCL INFO Channel 07 : 0[1b000] -> 3[3e000] via P2P/IPC
gn1228:22969:24157 [0] NCCL INFO Channel 01 : 8[1b000] -> 14[db000] via P2P/IPC
gn1228:22969:24157 [0] NCCL INFO Channel 05 : 8[1b000] -> 14[db000] via P2P/IPC
gn1227:29693:30848 [4] NCCL INFO Channel 01 : 4[b1000] -> 7[dc000] via P2P/IPC
gn1227:29693:30848 [4] NCCL INFO Channel 02 : 4[b1000] -> 7[dc000] via P2P/IPC
gn1227:29693:30848 [4] NCCL INFO Channel 05 : 4[b1000] -> 7[dc000] via P2P/IPC
gn1227:29693:30848 [4] NCCL INFO Channel 06 : 4[b1000] -> 7[dc000] via P2P/IPC
gn1228:22966:24171 [5] NCCL INFO Channel 02/0 : 13[b2000] -> 4[b1000] [send] via NET/IBext/2/GDRDMA
gn1228:22970:24161 [2] NCCL INFO Channel 01/0 : 3[3e000] -> 10[3d000] [receive] via NET/IBext/1/GDRDMA
gn1227:29692:30863 [0] NCCL INFO Channel 01 : 0[1b000] -> 6[db000] via P2P/IPC
gn1227:29692:30863 [0] NCCL INFO Channel 05 : 0[1b000] -> 6[db000] via P2P/IPC
gn1228:22974:24167 [3] NCCL INFO Channel 01/0 : 11[3e000] -> 2[3d000] [send] via NET/IBext/1/GDRDMA
gn1228:22967:24155 [4] NCCL INFO Channel 02/0 : 5[b2000] -> 12[b1000] [receive] via NET/IBext/2/GDRDMA
gn1228:22969:24157 [0] NCCL INFO Channel 00/0 : 1[1c000] -> 8[1b000] [receive] via NET/IBext/0/GDRDMA
gn1228:22968:24163 [6] NCCL INFO Channel 03/0 : 7[dc000] -> 14[db000] [receive] via NET/IBext/3/GDRDMA
gn1228:22971:24158 [1] NCCL INFO Channel 00/0 : 9[1c000] -> 0[1b000] [send] via NET/IBext/0/GDRDMA
gn1228:22972:24162 [7] NCCL INFO Channel 03/0 : 15[dc000] -> 6[db000] [send] via NET/IBext/3/GDRDMA
gn1227:29694:30859 [2] NCCL INFO Channel 01/0 : 11[3e000] -> 2[3d000] [receive] via NET/IBext/1/GDRDMA
gn1227:29695:30858 [5] NCCL INFO Channel 02/0 : 5[b2000] -> 12[b1000] [send] via NET/IBext/2/GDRDMA
gn1228:22966:24171 [5] NCCL INFO Channel 06/0 : 13[b2000] -> 4[b1000] [send] via NET/IBext/2/GDRDMA
gn1227:29697:30853 [3] NCCL INFO Channel 01/0 : 3[3e000] -> 10[3d000] [send] via NET/IBext/1/GDRDMA
gn1227:29693:30848 [4] NCCL INFO Channel 02/0 : 13[b2000] -> 4[b1000] [receive] via NET/IBext/2/GDRDMA
gn1228:22970:24161 [2] NCCL INFO Channel 05/0 : 3[3e000] -> 10[3d000] [receive] via NET/IBext/1/GDRDMA
gn1227:29699:30851 [7] NCCL INFO Channel 03/0 : 7[dc000] -> 14[db000] [send] via NET/IBext/3/GDRDMA
gn1227:29698:30854 [1] NCCL INFO Channel 00/0 : 1[1c000] -> 8[1b000] [send] via NET/IBext/0/GDRDMA
gn1227:29692:30863 [0] NCCL INFO Channel 00/0 : 9[1c000] -> 0[1b000] [receive] via NET/IBext/0/GDRDMA
gn1227:29696:30857 [6] NCCL INFO Channel 03/0 : 15[dc000] -> 6[db000] [receive] via NET/IBext/3/GDRDMA
gn1228:22974:24167 [3] NCCL INFO Channel 05/0 : 11[3e000] -> 2[3d000] [send] via NET/IBext/1/GDRDMA
gn1228:22967:24155 [4] NCCL INFO Channel 06/0 : 5[b2000] -> 12[b1000] [receive] via NET/IBext/2/GDRDMA
gn1228:22969:24157 [0] NCCL INFO Channel 04/0 : 1[1c000] -> 8[1b000] [receive] via NET/IBext/0/GDRDMA
gn1228:22968:24163 [6] NCCL INFO Channel 07/0 : 7[dc000] -> 14[db000] [receive] via NET/IBext/3/GDRDMA
gn1228:22971:24158 [1] NCCL INFO Channel 04/0 : 9[1c000] -> 0[1b000] [send] via NET/IBext/0/GDRDMA
gn1228:22972:24162 [7] NCCL INFO Channel 07/0 : 15[dc000] -> 6[db000] [send] via NET/IBext/3/GDRDMA
gn1227:29694:30859 [2] NCCL INFO Channel 05/0 : 11[3e000] -> 2[3d000] [receive] via NET/IBext/1/GDRDMA
gn1227:29695:30858 [5] NCCL INFO Channel 06/0 : 5[b2000] -> 12[b1000] [send] via NET/IBext/2/GDRDMA
gn1227:29697:30853 [3] NCCL INFO Channel 05/0 : 3[3e000] -> 10[3d000] [send] via NET/IBext/1/GDRDMA
gn1227:29693:30848 [4] NCCL INFO Channel 06/0 : 13[b2000] -> 4[b1000] [receive] via NET/IBext/2/GDRDMA
gn1227:29699:30851 [7] NCCL INFO Channel 07/0 : 7[dc000] -> 14[db000] [send] via NET/IBext/3/GDRDMA
gn1227:29698:30854 [1] NCCL INFO Channel 04/0 : 1[1c000] -> 8[1b000] [send] via NET/IBext/0/GDRDMA
gn1227:29692:30863 [0] NCCL INFO Channel 04/0 : 9[1c000] -> 0[1b000] [receive] via NET/IBext/0/GDRDMA
gn1227:29696:30857 [6] NCCL INFO Channel 07/0 : 15[dc000] -> 6[db000] [receive] via NET/IBext/3/GDRDMA
gn1227:29695:30858 [5] NCCL INFO Channel 01 : 5[b2000] -> 3[3e000] via P2P/IPC
gn1227:29695:30858 [5] NCCL INFO Channel 05 : 5[b2000] -> 3[3e000] via P2P/IPC
gn1228:22968:24163 [6] NCCL INFO Channel 02 : 14[db000] -> 8[1b000] via P2P/IPC
gn1228:22974:24167 [3] NCCL INFO Channel 03 : 11[3e000] -> 9[1c000] via P2P/IPC
gn1227:29697:30853 [3] NCCL INFO Channel 03 : 3[3e000] -> 1[1c000] via P2P/IPC
gn1228:22968:24163 [6] NCCL INFO Channel 06 : 14[db000] -> 8[1b000] via P2P/IPC
gn1228:22974:24167 [3] NCCL INFO Channel 07 : 11[3e000] -> 9[1c000] via P2P/IPC
gn1227:29697:30853 [3] NCCL INFO Channel 07 : 3[3e000] -> 1[1c000] via P2P/IPC
gn1228:22966:24171 [5] NCCL INFO Channel 01 : 13[b2000] -> 11[3e000] via P2P/IPC
gn1228:22966:24171 [5] NCCL INFO Channel 05 : 13[b2000] -> 11[3e000] via P2P/IPC
gn1228:22972:24162 [7] NCCL INFO Channel 00 : 15[dc000] -> 9[1c000] via P2P/IPC
gn1227:29693:30848 [4] NCCL INFO Channel 03 : 4[b1000] -> 2[3d000] via P2P/IPC
gn1228:22972:24162 [7] NCCL INFO Channel 04 : 15[dc000] -> 9[1c000] via P2P/IPC
gn1228:22970:24161 [2] NCCL INFO Channel 03 : 10[3d000] -> 8[1b000] via P2P/IPC
gn1227:29693:30848 [4] NCCL INFO Channel 07 : 4[b1000] -> 2[3d000] via P2P/IPC
gn1227:29696:30857 [6] NCCL INFO Channel 02 : 6[db000] -> 0[1b000] via P2P/IPC
gn1228:22970:24161 [2] NCCL INFO Channel 07 : 10[3d000] -> 8[1b000] via P2P/IPC
gn1227:29699:30851 [7] NCCL INFO Channel 00 : 7[dc000] -> 1[1c000] via P2P/IPC
gn1228:22967:24155 [4] NCCL INFO Channel 03 : 12[b1000] -> 10[3d000] via P2P/IPC
gn1228:22972:24162 [7] NCCL INFO Channel 01 : 15[dc000] -> 13[b2000] via P2P/IPC
gn1227:29696:30857 [6] NCCL INFO Channel 06 : 6[db000] -> 0[1b000] via P2P/IPC
gn1228:22967:24155 [4] NCCL INFO Channel 07 : 12[b1000] -> 10[3d000] via P2P/IPC
gn1228:22972:24162 [7] NCCL INFO Channel 05 : 15[dc000] -> 13[b2000] via P2P/IPC
gn1227:29694:30859 [2] NCCL INFO Channel 03 : 2[3d000] -> 0[1b000] via P2P/IPC
gn1227:29699:30851 [7] NCCL INFO Channel 04 : 7[dc000] -> 1[1c000] via P2P/IPC
gn1228:22968:24163 [6] NCCL INFO Channel 01 : 14[db000] -> 12[b1000] via P2P/IPC
gn1227:29694:30859 [2] NCCL INFO Channel 07 : 2[3d000] -> 0[1b000] via P2P/IPC
gn1228:22968:24163 [6] NCCL INFO Channel 05 : 14[db000] -> 12[b1000] via P2P/IPC
gn1227:29699:30851 [7] NCCL INFO Channel 01 : 7[dc000] -> 5[b2000] via P2P/IPC
gn1227:29696:30857 [6] NCCL INFO Channel 01 : 6[db000] -> 4[b1000] via P2P/IPC
gn1228:22972:24162 [7] NCCL INFO Channel 02 : 15[dc000] -> 14[db000] via P2P/IPC
gn1227:29699:30851 [7] NCCL INFO Channel 05 : 7[dc000] -> 5[b2000] via P2P/IPC
gn1227:29696:30857 [6] NCCL INFO Channel 05 : 6[db000] -> 4[b1000] via P2P/IPC
gn1228:22972:24162 [7] NCCL INFO Channel 06 : 15[dc000] -> 14[db000] via P2P/IPC
gn1228:22974:24167 [3] NCCL INFO Channel 00 : 11[3e000] -> 10[3d000] via P2P/IPC
gn1228:22971:24158 [1] NCCL INFO Channel 01 : 9[1c000] -> 8[1b000] via P2P/IPC
gn1227:29699:30851 [7] NCCL INFO Channel 02 : 7[dc000] -> 6[db000] via P2P/IPC
gn1228:22974:24167 [3] NCCL INFO Channel 04 : 11[3e000] -> 10[3d000] via P2P/IPC
gn1228:22971:24158 [1] NCCL INFO Channel 05 : 9[1c000] -> 8[1b000] via P2P/IPC
gn1227:29699:30851 [7] NCCL INFO Channel 06 : 7[dc000] -> 6[db000] via P2P/IPC
gn1227:29697:30853 [3] NCCL INFO Channel 00 : 3[3e000] -> 2[3d000] via P2P/IPC
gn1228:22966:24171 [5] NCCL INFO Channel 03 : 13[b2000] -> 12[b1000] via P2P/IPC
gn1228:22968:24163 [6] NCCL INFO Channel 03 : 14[db000] -> 13[b2000] via P2P/IPC
gn1228:22966:24171 [5] NCCL INFO Channel 07 : 13[b2000] -> 12[b1000] via P2P/IPC
gn1228:22968:24163 [6] NCCL INFO Channel 07 : 14[db000] -> 13[b2000] via P2P/IPC
gn1227:29698:30854 [1] NCCL INFO Channel 01 : 1[1c000] -> 0[1b000] via P2P/IPC
gn1228:22970:24161 [2] NCCL INFO Channel 01 : 10[3d000] -> 9[1c000] via P2P/IPC
gn1227:29697:30853 [3] NCCL INFO Channel 04 : 3[3e000] -> 2[3d000] via P2P/IPC
gn1228:22969:24157 [0] NCCL INFO Connected all rings
gn1228:22969:24157 [0] NCCL INFO Channel 00 : 8[1b000] -> 9[1c000] via P2P/IPC
gn1227:29696:30857 [6] NCCL INFO Channel 03 : 6[db000] -> 5[b2000] via P2P/IPC
gn1228:22970:24161 [2] NCCL INFO Channel 05 : 10[3d000] -> 9[1c000] via P2P/IPC
gn1228:22969:24157 [0] NCCL INFO Channel 04 : 8[1b000] -> 9[1c000] via P2P/IPC
gn1227:29698:30854 [1] NCCL INFO Channel 05 : 1[1c000] -> 0[1b000] via P2P/IPC
gn1228:22967:24155 [4] NCCL INFO Connected all rings
gn1228:22967:24155 [4] NCCL INFO Channel 01 : 12[b1000] -> 13[b2000] via P2P/IPC
gn1227:29695:30858 [5] NCCL INFO Channel 03 : 5[b2000] -> 4[b1000] via P2P/IPC
gn1228:22972:24162 [7] NCCL INFO Connected all rings
gn1227:29696:30857 [6] NCCL INFO Channel 07 : 6[db000] -> 5[b2000] via P2P/IPC
gn1227:29694:30859 [2] NCCL INFO Channel 01 : 2[3d000] -> 1[1c000] via P2P/IPC
gn1228:22967:24155 [4] NCCL INFO Channel 02 : 12[b1000] -> 13[b2000] via P2P/IPC
gn1227:29695:30858 [5] NCCL INFO Channel 07 : 5[b2000] -> 4[b1000] via P2P/IPC
gn1227:29694:30859 [2] NCCL INFO Channel 05 : 2[3d000] -> 1[1c000] via P2P/IPC
gn1228:22966:24171 [5] NCCL INFO Connected all rings
gn1227:29692:30863 [0] NCCL INFO Connected all rings
gn1227:29692:30863 [0] NCCL INFO Channel 00 : 0[1b000] -> 1[1c000] via P2P/IPC
gn1228:22968:24163 [6] NCCL INFO Connected all rings
gn1228:22974:24167 [3] NCCL INFO Connected all rings
gn1228:22967:24155 [4] NCCL INFO Channel 03 : 12[b1000] -> 13[b2000] via P2P/IPC
gn1227:29699:30851 [7] NCCL INFO Connected all rings
gn1227:29692:30863 [0] NCCL INFO Channel 04 : 0[1b000] -> 1[1c000] via P2P/IPC
gn1228:22967:24155 [4] NCCL INFO Channel 05 : 12[b1000] -> 13[b2000] via P2P/IPC
gn1228:22971:24158 [1] NCCL INFO Connected all rings
gn1228:22970:24161 [2] NCCL INFO Connected all rings
gn1227:29693:30848 [4] NCCL INFO Connected all rings
gn1227:29693:30848 [4] NCCL INFO Channel 01 : 4[b1000] -> 5[b2000] via P2P/IPC
gn1227:29697:30853 [3] NCCL INFO Connected all rings
gn1228:22967:24155 [4] NCCL INFO Channel 06 : 12[b1000] -> 13[b2000] via P2P/IPC
gn1228:22967:24155 [4] NCCL INFO Channel 07 : 12[b1000] -> 13[b2000] via P2P/IPC
gn1228:22971:24158 [1] NCCL INFO Channel 00 : 9[1c000] -> 10[3d000] via P2P/IPC
gn1227:29693:30848 [4] NCCL INFO Channel 02 : 4[b1000] -> 5[b2000] via P2P/IPC
gn1227:29696:30857 [6] NCCL INFO Connected all rings
gn1227:29695:30858 [5] NCCL INFO Connected all rings
gn1227:29698:30854 [1] NCCL INFO Connected all rings
gn1227:29694:30859 [2] NCCL INFO Connected all rings
gn1228:22968:24163 [6] NCCL INFO Channel 03 : 14[db000] -> 15[dc000] via P2P/IPC
gn1228:22971:24158 [1] NCCL INFO Channel 03 : 9[1c000] -> 10[3d000] via P2P/IPC
gn1227:29693:30848 [4] NCCL INFO Channel 03 : 4[b1000] -> 5[b2000] via P2P/IPC
gn1228:22968:24163 [6] NCCL INFO Channel 07 : 14[db000] -> 15[dc000] via P2P/IPC
gn1228:22970:24161 [2] NCCL INFO Channel 00 : 10[3d000] -> 11[3e000] via P2P/IPC
gn1228:22971:24158 [1] NCCL INFO Channel 04 : 9[1c000] -> 10[3d000] via P2P/IPC
gn1228:22966:24171 [5] NCCL INFO Channel 01 : 13[b2000] -> 14[db000] via P2P/IPC
gn1227:29693:30848 [4] NCCL INFO Channel 05 : 4[b1000] -> 5[b2000] via P2P/IPC
gn1228:22970:24161 [2] NCCL INFO Channel 01 : 10[3d000] -> 11[3e000] via P2P/IPC
gn1228:22971:24158 [1] NCCL INFO Channel 07 : 9[1c000] -> 10[3d000] via P2P/IPC
gn1227:29698:30854 [1] NCCL INFO Channel 00 : 1[1c000] -> 2[3d000] via P2P/IPC
gn1228:22966:24171 [5] NCCL INFO Channel 02 : 13[b2000] -> 14[db000] via P2P/IPC
gn1227:29693:30848 [4] NCCL INFO Channel 06 : 4[b1000] -> 5[b2000] via P2P/IPC
gn1228:22970:24161 [2] NCCL INFO Channel 04 : 10[3d000] -> 11[3e000] via P2P/IPC
gn1227:29698:30854 [1] NCCL INFO Channel 03 : 1[1c000] -> 2[3d000] via P2P/IPC
gn1228:22966:24171 [5] NCCL INFO Channel 05 : 13[b2000] -> 14[db000] via P2P/IPC
gn1227:29693:30848 [4] NCCL INFO Channel 07 : 4[b1000] -> 5[b2000] via P2P/IPC
gn1228:22970:24161 [2] NCCL INFO Channel 05 : 10[3d000] -> 11[3e000] via P2P/IPC
gn1227:29696:30857 [6] NCCL INFO Channel 03 : 6[db000] -> 7[dc000] via P2P/IPC
gn1227:29698:30854 [1] NCCL INFO Channel 04 : 1[1c000] -> 2[3d000] via P2P/IPC
gn1227:29694:30859 [2] NCCL INFO Channel 00 : 2[3d000] -> 3[3e000] via P2P/IPC
gn1227:29696:30857 [6] NCCL INFO Channel 07 : 6[db000] -> 7[dc000] via P2P/IPC
gn1227:29698:30854 [1] NCCL INFO Channel 07 : 1[1c000] -> 2[3d000] via P2P/IPC
gn1227:29694:30859 [2] NCCL INFO Channel 01 : 2[3d000] -> 3[3e000] via P2P/IPC
gn1227:29695:30858 [5] NCCL INFO Channel 01 : 5[b2000] -> 6[db000] via P2P/IPC
gn1227:29694:30859 [2] NCCL INFO Channel 04 : 2[3d000] -> 3[3e000] via P2P/IPC
gn1227:29695:30858 [5] NCCL INFO Channel 02 : 5[b2000] -> 6[db000] via P2P/IPC
gn1227:29694:30859 [2] NCCL INFO Channel 05 : 2[3d000] -> 3[3e000] via P2P/IPC
gn1227:29692:30863 [0] NCCL INFO Channel 01 : 0[1b000] -> 3[3e000] via P2P/IPC
gn1228:22969:24157 [0] NCCL INFO Channel 01 : 8[1b000] -> 11[3e000] via P2P/IPC
gn1227:29695:30858 [5] NCCL INFO Channel 05 : 5[b2000] -> 6[db000] via P2P/IPC
gn1228:22966:24171 [5] NCCL INFO Channel 06 : 13[b2000] -> 14[db000] via P2P/IPC
gn1227:29692:30863 [0] NCCL INFO Channel 02 : 0[1b000] -> 3[3e000] via P2P/IPC
gn1228:22969:24157 [0] NCCL INFO Channel 02 : 8[1b000] -> 11[3e000] via P2P/IPC
gn1227:29695:30858 [5] NCCL INFO Channel 06 : 5[b2000] -> 6[db000] via P2P/IPC
gn1227:29692:30863 [0] NCCL INFO Channel 05 : 0[1b000] -> 3[3e000] via P2P/IPC
gn1228:22969:24157 [0] NCCL INFO Channel 05 : 8[1b000] -> 11[3e000] via P2P/IPC
gn1227:29692:30863 [0] NCCL INFO Channel 06 : 0[1b000] -> 3[3e000] via P2P/IPC
gn1228:22969:24157 [0] NCCL INFO Channel 06 : 8[1b000] -> 11[3e000] via P2P/IPC
gn1227:29698:30854 [1] NCCL INFO Channel 03 : 1[1c000] -> 3[3e000] via P2P/IPC
gn1228:22971:24158 [1] NCCL INFO Channel 03 : 9[1c000] -> 11[3e000] via P2P/IPC
gn1227:29697:30853 [3] NCCL INFO Channel 00 : 3[3e000] -> 5[b2000] via P2P/IPC
gn1227:29698:30854 [1] NCCL INFO Channel 07 : 1[1c000] -> 3[3e000] via P2P/IPC
gn1227:29694:30859 [2] NCCL INFO Channel 03 : 2[3d000] -> 4[b1000] via P2P/IPC
gn1228:22974:24167 [3] NCCL INFO Channel 00 : 11[3e000] -> 13[b2000] via P2P/IPC
gn1227:29697:30853 [3] NCCL INFO Channel 04 : 3[3e000] -> 5[b2000] via P2P/IPC
gn1228:22971:24158 [1] NCCL INFO Channel 07 : 9[1c000] -> 11[3e000] via P2P/IPC
gn1227:29694:30859 [2] NCCL INFO Channel 07 : 2[3d000] -> 4[b1000] via P2P/IPC
gn1228:22970:24161 [2] NCCL INFO Channel 03 : 10[3d000] -> 12[b1000] via P2P/IPC
gn1228:22974:24167 [3] NCCL INFO Channel 04 : 11[3e000] -> 13[b2000] via P2P/IPC
gn1228:22970:24161 [2] NCCL INFO Channel 07 : 10[3d000] -> 12[b1000] via P2P/IPC
gn1227:29698:30854 [1] NCCL INFO Channel 01 : 1[1c000] -> 7[dc000] via P2P/IPC
gn1227:29698:30854 [1] NCCL INFO Channel 02 : 1[1c000] -> 7[dc000] via P2P/IPC
gn1227:29693:30848 [4] NCCL INFO Channel 00 : 4[b1000] -> 7[dc000] via P2P/IPC
gn1228:22971:24158 [1] NCCL INFO Channel 01 : 9[1c000] -> 15[dc000] via P2P/IPC
gn1227:29698:30854 [1] NCCL INFO Channel 05 : 1[1c000] -> 7[dc000] via P2P/IPC
gn1227:29693:30848 [4] NCCL INFO Channel 04 : 4[b1000] -> 7[dc000] via P2P/IPC
gn1228:22967:24155 [4] NCCL INFO Channel 00 : 12[b1000] -> 15[dc000] via P2P/IPC
gn1227:29698:30854 [1] NCCL INFO Channel 06 : 1[1c000] -> 7[dc000] via P2P/IPC
gn1228:22971:24158 [1] NCCL INFO Channel 02 : 9[1c000] -> 15[dc000] via P2P/IPC
gn1227:29695:30858 [5] NCCL INFO Channel 00 : 5[b2000] -> 3[3e000] via P2P/IPC
gn1228:22967:24155 [4] NCCL INFO Channel 04 : 12[b1000] -> 15[dc000] via P2P/IPC
gn1228:22971:24158 [1] NCCL INFO Channel 05 : 9[1c000] -> 15[dc000] via P2P/IPC
gn1227:29695:30858 [5] NCCL INFO Channel 04 : 5[b2000] -> 3[3e000] via P2P/IPC
gn1228:22966:24171 [5] NCCL INFO Channel 00 : 13[b2000] -> 11[3e000] via P2P/IPC
gn1228:22971:24158 [1] NCCL INFO Channel 06 : 9[1c000] -> 15[dc000] via P2P/IPC
gn1228:22966:24171 [5] NCCL INFO Channel 04 : 13[b2000] -> 11[3e000] via P2P/IPC
gn1227:29697:30853 [3] NCCL INFO Channel 01 : 3[3e000] -> 0[1b000] via P2P/IPC
gn1227:29692:30863 [0] NCCL INFO Channel 02 : 0[1b000] -> 6[db000] via P2P/IPC
gn1227:29697:30853 [3] NCCL INFO Channel 02 : 3[3e000] -> 0[1b000] via P2P/IPC
gn1227:29692:30863 [0] NCCL INFO Channel 03 : 0[1b000] -> 6[db000] via P2P/IPC
gn1227:29697:30853 [3] NCCL INFO Channel 03 : 3[3e000] -> 0[1b000] via P2P/IPC
gn1227:29692:30863 [0] NCCL INFO Channel 06 : 0[1b000] -> 6[db000] via P2P/IPC
gn1228:22974:24167 [3] NCCL INFO Channel 01 : 11[3e000] -> 8[1b000] via P2P/IPC
gn1228:22969:24157 [0] NCCL INFO Channel 02 : 8[1b000] -> 14[db000] via P2P/IPC
gn1227:29697:30853 [3] NCCL INFO Channel 05 : 3[3e000] -> 0[1b000] via P2P/IPC
gn1227:29692:30863 [0] NCCL INFO Channel 07 : 0[1b000] -> 6[db000] via P2P/IPC
gn1227:29697:30853 [3] NCCL INFO Channel 06 : 3[3e000] -> 0[1b000] via P2P/IPC
gn1228:22974:24167 [3] NCCL INFO Channel 02 : 11[3e000] -> 8[1b000] via P2P/IPC
gn1228:22969:24157 [0] NCCL INFO Channel 03 : 8[1b000] -> 14[db000] via P2P/IPC
gn1227:29697:30853 [3] NCCL INFO Channel 07 : 3[3e000] -> 0[1b000] via P2P/IPC
gn1228:22974:24167 [3] NCCL INFO Channel 03 : 11[3e000] -> 8[1b000] via P2P/IPC
gn1228:22969:24157 [0] NCCL INFO Channel 06 : 8[1b000] -> 14[db000] via P2P/IPC
gn1228:22974:24167 [3] NCCL INFO Channel 05 : 11[3e000] -> 8[1b000] via P2P/IPC
gn1228:22969:24157 [0] NCCL INFO Channel 07 : 8[1b000] -> 14[db000] via P2P/IPC
gn1227:29696:30857 [6] NCCL INFO Channel 01 : 6[db000] -> 0[1b000] via P2P/IPC
gn1228:22974:24167 [3] NCCL INFO Channel 06 : 11[3e000] -> 8[1b000] via P2P/IPC
gn1227:29696:30857 [6] NCCL INFO Channel 03 : 6[db000] -> 0[1b000] via P2P/IPC
gn1227:29696:30857 [6] NCCL INFO Channel 05 : 6[db000] -> 0[1b000] via P2P/IPC
gn1228:22974:24167 [3] NCCL INFO Channel 07 : 11[3e000] -> 8[1b000] via P2P/IPC
gn1227:29696:30857 [6] NCCL INFO Channel 07 : 6[db000] -> 0[1b000] via P2P/IPC
gn1228:22968:24163 [6] NCCL INFO Channel 01 : 14[db000] -> 8[1b000] via P2P/IPC
gn1228:22968:24163 [6] NCCL INFO Channel 03 : 14[db000] -> 8[1b000] via P2P/IPC
gn1228:22968:24163 [6] NCCL INFO Channel 05 : 14[db000] -> 8[1b000] via P2P/IPC
gn1228:22968:24163 [6] NCCL INFO Channel 07 : 14[db000] -> 8[1b000] via P2P/IPC
gn1227:29694:30859 [2] NCCL INFO Channel 01/0 : 10[3d000] -> 2[3d000] [receive] via NET/IBext/1/GDRDMA
gn1228:22970:24161 [2] NCCL INFO Channel 01/0 : 2[3d000] -> 10[3d000] [receive] via NET/IBext/1/GDRDMA
gn1227:29693:30848 [4] NCCL INFO Channel 02/0 : 12[b1000] -> 4[b1000] [receive] via NET/IBext/2/GDRDMA
gn1228:22967:24155 [4] NCCL INFO Channel 02/0 : 4[b1000] -> 12[b1000] [receive] via NET/IBext/2/GDRDMA
gn1227:29699:30851 [7] NCCL INFO Channel 03/0 : 15[dc000] -> 7[dc000] [receive] via NET/IBext/3/GDRDMA
gn1228:22972:24162 [7] NCCL INFO Channel 03/0 : 7[dc000] -> 15[dc000] [receive] via NET/IBext/3/GDRDMA
gn1227:29692:30863 [0] NCCL INFO Channel 00/0 : 8[1b000] -> 0[1b000] [receive] via NET/IBext/0/GDRDMA
gn1228:22969:24157 [0] NCCL INFO Channel 00/0 : 0[1b000] -> 8[1b000] [receive] via NET/IBext/0/GDRDMA
gn1227:29694:30859 [2] NCCL INFO Channel 05/0 : 10[3d000] -> 2[3d000] [receive] via NET/IBext/1/GDRDMA
gn1228:22970:24161 [2] NCCL INFO Channel 05/0 : 2[3d000] -> 10[3d000] [receive] via NET/IBext/1/GDRDMA
gn1227:29693:30848 [4] NCCL INFO Channel 06/0 : 12[b1000] -> 4[b1000] [receive] via NET/IBext/2/GDRDMA
gn1228:22967:24155 [4] NCCL INFO Channel 06/0 : 4[b1000] -> 12[b1000] [receive] via NET/IBext/2/GDRDMA
gn1227:29699:30851 [7] NCCL INFO Channel 07/0 : 15[dc000] -> 7[dc000] [receive] via NET/IBext/3/GDRDMA
gn1228:22972:24162 [7] NCCL INFO Channel 07/0 : 7[dc000] -> 15[dc000] [receive] via NET/IBext/3/GDRDMA
gn1227:29692:30863 [0] NCCL INFO Channel 04/0 : 8[1b000] -> 0[1b000] [receive] via NET/IBext/0/GDRDMA
gn1228:22969:24157 [0] NCCL INFO Channel 04/0 : 0[1b000] -> 8[1b000] [receive] via NET/IBext/0/GDRDMA
gn1227:29694:30859 [2] NCCL INFO Channel 01/0 : 2[3d000] -> 10[3d000] [send] via NET/IBext/1/GDRDMA
gn1228:22970:24161 [2] NCCL INFO Channel 01/0 : 10[3d000] -> 2[3d000] [send] via NET/IBext/1/GDRDMA
gn1227:29693:30848 [4] NCCL INFO Channel 02/0 : 4[b1000] -> 12[b1000] [send] via NET/IBext/2/GDRDMA
gn1228:22967:24155 [4] NCCL INFO Channel 02/0 : 12[b1000] -> 4[b1000] [send] via NET/IBext/2/GDRDMA
gn1227:29699:30851 [7] NCCL INFO Channel 03/0 : 7[dc000] -> 15[dc000] [send] via NET/IBext/3/GDRDMA
gn1228:22972:24162 [7] NCCL INFO Channel 03/0 : 15[dc000] -> 7[dc000] [send] via NET/IBext/3/GDRDMA
gn1227:29692:30863 [0] NCCL INFO Channel 00/0 : 0[1b000] -> 8[1b000] [send] via NET/IBext/0/GDRDMA
gn1228:22969:24157 [0] NCCL INFO Channel 00/0 : 8[1b000] -> 0[1b000] [send] via NET/IBext/0/GDRDMA
gn1227:29694:30859 [2] NCCL INFO Channel 05/0 : 2[3d000] -> 10[3d000] [send] via NET/IBext/1/GDRDMA
gn1228:22970:24161 [2] NCCL INFO Channel 05/0 : 10[3d000] -> 2[3d000] [send] via NET/IBext/1/GDRDMA
gn1227:29693:30848 [4] NCCL INFO Channel 06/0 : 4[b1000] -> 12[b1000] [send] via NET/IBext/2/GDRDMA
gn1228:22967:24155 [4] NCCL INFO Channel 06/0 : 12[b1000] -> 4[b1000] [send] via NET/IBext/2/GDRDMA
gn1227:29699:30851 [7] NCCL INFO Channel 07/0 : 7[dc000] -> 15[dc000] [send] via NET/IBext/3/GDRDMA
gn1228:22972:24162 [7] NCCL INFO Channel 07/0 : 15[dc000] -> 7[dc000] [send] via NET/IBext/3/GDRDMA
gn1227:29692:30863 [0] NCCL INFO Channel 04/0 : 0[1b000] -> 8[1b000] [send] via NET/IBext/0/GDRDMA
gn1228:22969:24157 [0] NCCL INFO Channel 04/0 : 8[1b000] -> 0[1b000] [send] via NET/IBext/0/GDRDMA
gn1228:22970:24161 [2] NCCL INFO Channel 00 : 10[3d000] -> 9[1c000] via P2P/IPC
gn1228:22970:24161 [2] NCCL INFO Channel 02 : 10[3d000] -> 9[1c000] via P2P/IPC
gn1228:22972:24162 [7] NCCL INFO Channel 01 : 15[dc000] -> 9[1c000] via P2P/IPC
gn1228:22970:24161 [2] NCCL INFO Channel 03 : 10[3d000] -> 9[1c000] via P2P/IPC
gn1228:22972:24162 [7] NCCL INFO Channel 02 : 15[dc000] -> 9[1c000] via P2P/IPC
gn1228:22970:24161 [2] NCCL INFO Channel 04 : 10[3d000] -> 9[1c000] via P2P/IPC
gn1228:22972:24162 [7] NCCL INFO Channel 05 : 15[dc000] -> 9[1c000] via P2P/IPC
gn1228:22970:24161 [2] NCCL INFO Channel 06 : 10[3d000] -> 9[1c000] via P2P/IPC
gn1228:22972:24162 [7] NCCL INFO Channel 06 : 15[dc000] -> 9[1c000] via P2P/IPC
gn1228:22970:24161 [2] NCCL INFO Channel 07 : 10[3d000] -> 9[1c000] via P2P/IPC
gn1228:22972:24162 [7] NCCL INFO Channel 00 : 15[dc000] -> 12[b1000] via P2P/IPC
gn1228:22972:24162 [7] NCCL INFO Channel 01 : 15[dc000] -> 12[b1000] via P2P/IPC
gn1228:22972:24162 [7] NCCL INFO Channel 04 : 15[dc000] -> 12[b1000] via P2P/IPC
gn1228:22972:24162 [7] NCCL INFO Channel 05 : 15[dc000] -> 12[b1000] via P2P/IPC
gn1228:22972:24162 [7] NCCL INFO Channel 00 : 15[dc000] -> 14[db000] via P2P/IPC
gn1228:22971:24158 [1] NCCL INFO Channel 00 : 9[1c000] -> 8[1b000] via P2P/IPC
gn1228:22968:24163 [6] NCCL INFO Channel 00 : 14[db000] -> 13[b2000] via P2P/IPC
gn1228:22972:24162 [7] NCCL INFO Channel 03 : 15[dc000] -> 14[db000] via P2P/IPC
gn1228:22971:24158 [1] NCCL INFO Channel 04 : 9[1c000] -> 8[1b000] via P2P/IPC
gn1228:22968:24163 [6] NCCL INFO Channel 01 : 14[db000] -> 13[b2000] via P2P/IPC
gn1228:22972:24162 [7] NCCL INFO Channel 04 : 15[dc000] -> 14[db000] via P2P/IPC
gn1228:22968:24163 [6] NCCL INFO Channel 02 : 14[db000] -> 13[b2000] via P2P/IPC
gn1228:22972:24162 [7] NCCL INFO Channel 07 : 15[dc000] -> 14[db000] via P2P/IPC
gn1228:22968:24163 [6] NCCL INFO Channel 04 : 14[db000] -> 13[b2000] via P2P/IPC
gn1228:22968:24163 [6] NCCL INFO Channel 05 : 14[db000] -> 13[b2000] via P2P/IPC
gn1228:22968:24163 [6] NCCL INFO Channel 06 : 14[db000] -> 13[b2000] via P2P/IPC
gn1228:22972:24162 [7] NCCL INFO Connected all trees
gn1228:22972:24162 [7] NCCL INFO threadThresholds 8/8/64 | 128/8/64 | 8/8/512
gn1228:22972:24162 [7] NCCL INFO 8 coll channels, 8 p2p channels, 2 p2p channels per peer
gn1228:22969:24157 [0] NCCL INFO Connected all trees
gn1228:22969:24157 [0] NCCL INFO threadThresholds 8/8/64 | 128/8/64 | 8/8/512
gn1228:22969:24157 [0] NCCL INFO 8 coll channels, 8 p2p channels, 2 p2p channels per peer
gn1228:22969:24157 [0] NCCL INFO Channel 00 : 8[1b000] -> 12[b1000] via P2P/indirect/10[3d000]
gn1228:22974:24167 [3] NCCL INFO Channel 01 : 11[3e000] -> 10[3d000] via P2P/IPC
gn1228:22974:24167 [3] NCCL INFO Channel 02 : 11[3e000] -> 10[3d000] via P2P/IPC
gn1228:22969:24157 [0] NCCL INFO Channel 04 : 8[1b000] -> 12[b1000] via P2P/indirect/10[3d000]
gn1228:22974:24167 [3] NCCL INFO Channel 05 : 11[3e000] -> 10[3d000] via P2P/IPC
gn1227:29699:30851 [7] NCCL INFO Channel 01 : 7[dc000] -> 1[1c000] via P2P/IPC
gn1228:22974:24167 [3] NCCL INFO Channel 06 : 11[3e000] -> 10[3d000] via P2P/IPC
gn1227:29694:30859 [2] NCCL INFO Channel 00 : 2[3d000] -> 1[1c000] via P2P/IPC
gn1227:29699:30851 [7] NCCL INFO Channel 02 : 7[dc000] -> 1[1c000] via P2P/IPC
gn1228:22971:24158 [1] NCCL INFO Connected all trees
gn1228:22971:24158 [1] NCCL INFO threadThresholds 8/8/64 | 128/8/64 | 8/8/512
gn1228:22971:24158 [1] NCCL INFO 8 coll channels, 8 p2p channels, 2 p2p channels per peer
gn1228:22971:24158 [1] NCCL INFO Channel 03 : 9[1c000] -> 12[b1000] via P2P/indirect/15[dc000]
gn1227:29694:30859 [2] NCCL INFO Channel 02 : 2[3d000] -> 1[1c000] via P2P/IPC
gn1227:29699:30851 [7] NCCL INFO Channel 05 : 7[dc000] -> 1[1c000] via P2P/IPC
gn1227:29694:30859 [2] NCCL INFO Channel 03 : 2[3d000] -> 1[1c000] via P2P/IPC
gn1228:22966:24171 [5] NCCL INFO Channel 01 : 13[b2000] -> 12[b1000] via P2P/IPC
gn1228:22974:24167 [3] NCCL INFO Connected all trees
gn1228:22974:24167 [3] NCCL INFO threadThresholds 8/8/64 | 128/8/64 | 8/8/512
gn1228:22974:24167 [3] NCCL INFO 8 coll channels, 8 p2p channels, 2 p2p channels per peer
gn1228:22974:24167 [3] NCCL INFO Channel 01 : 11[3e000] -> 12[b1000] via P2P/indirect/13[b2000]
gn1227:29699:30851 [7] NCCL INFO Channel 06 : 7[dc000] -> 1[1c000] via P2P/IPC
gn1228:22971:24158 [1] NCCL INFO Channel 07 : 9[1c000] -> 12[b1000] via P2P/indirect/15[dc000]
gn1227:29694:30859 [2] NCCL INFO Channel 04 : 2[3d000] -> 1[1c000] via P2P/IPC
gn1228:22966:24171 [5] NCCL INFO Channel 02 : 13[b2000] -> 12[b1000] via P2P/IPC
gn1227:29694:30859 [2] NCCL INFO Channel 06 : 2[3d000] -> 1[1c000] via P2P/IPC
gn1228:22974:24167 [3] NCCL INFO Channel 05 : 11[3e000] -> 12[b1000] via P2P/indirect/13[b2000]
gn1228:22966:24171 [5] NCCL INFO Channel 05 : 13[b2000] -> 12[b1000] via P2P/IPC
gn1228:22970:24161 [2] NCCL INFO Connected all trees
gn1228:22970:24161 [2] NCCL INFO threadThresholds 8/8/64 | 128/8/64 | 8/8/512
gn1228:22970:24161 [2] NCCL INFO 8 coll channels, 8 p2p channels, 2 p2p channels per peer
gn1228:22970:24161 [2] NCCL INFO Channel 03 : 10[3d000] -> 13[b2000] via P2P/indirect/12[b1000]
gn1227:29694:30859 [2] NCCL INFO Channel 07 : 2[3d000] -> 1[1c000] via P2P/IPC
gn1228:22966:24171 [5] NCCL INFO Channel 06 : 13[b2000] -> 12[b1000] via P2P/IPC
gn1227:29699:30851 [7] NCCL INFO Channel 00 : 7[dc000] -> 4[b1000] via P2P/IPC
gn1228:22970:24161 [2] NCCL INFO Channel 07 : 10[3d000] -> 13[b2000] via P2P/indirect/12[b1000]
gn1227:29696:30857 [6] NCCL INFO Channel 00 : 6[db000] -> 5[b2000] via P2P/IPC
gn1227:29699:30851 [7] NCCL INFO Channel 01 : 7[dc000] -> 4[b1000] via P2P/IPC
gn1227:29696:30857 [6] NCCL INFO Channel 01 : 6[db000] -> 5[b2000] via P2P/IPC
gn1227:29699:30851 [7] NCCL INFO Channel 04 : 7[dc000] -> 4[b1000] via P2P/IPC
gn1228:22967:24155 [4] NCCL INFO Connected all trees
gn1228:22967:24155 [4] NCCL INFO threadThresholds 8/8/64 | 128/8/64 | 8/8/512
gn1228:22967:24155 [4] NCCL INFO 8 coll channels, 8 p2p channels, 2 p2p channels per peer
gn1227:29696:30857 [6] NCCL INFO Channel 02 : 6[db000] -> 5[b2000] via P2P/IPC
gn1227:29699:30851 [7] NCCL INFO Channel 05 : 7[dc000] -> 4[b1000] via P2P/IPC
gn1227:29696:30857 [6] NCCL INFO Channel 04 : 6[db000] -> 5[b2000] via P2P/IPC
gn1228:22968:24163 [6] NCCL INFO Connected all trees
gn1228:22968:24163 [6] NCCL INFO threadThresholds 8/8/64 | 128/8/64 | 8/8/512
gn1228:22968:24163 [6] NCCL INFO 8 coll channels, 8 p2p channels, 2 p2p channels per peer
gn1228:22966:24171 [5] NCCL INFO Connected all trees
gn1228:22966:24171 [5] NCCL INFO threadThresholds 8/8/64 | 128/8/64 | 8/8/512
gn1228:22966:24171 [5] NCCL INFO 8 coll channels, 8 p2p channels, 2 p2p channels per peer
gn1227:29696:30857 [6] NCCL INFO Channel 05 : 6[db000] -> 5[b2000] via P2P/IPC
gn1228:22974:24167 [3] NCCL INFO Channel 03 : 11[3e000] -> 14[db000] via P2P/indirect/8[1b000]
gn1227:29696:30857 [6] NCCL INFO Channel 06 : 6[db000] -> 5[b2000] via P2P/IPC
gn1227:29698:30854 [1] NCCL INFO Channel 00 : 1[1c000] -> 0[1b000] via P2P/IPC
gn1227:29699:30851 [7] NCCL INFO Channel 00 : 7[dc000] -> 6[db000] via P2P/IPC
gn1228:22974:24167 [3] NCCL INFO Channel 07 : 11[3e000] -> 14[db000] via P2P/indirect/8[1b000]
gn1227:29698:30854 [1] NCCL INFO Channel 04 : 1[1c000] -> 0[1b000] via P2P/IPC
gn1227:29699:30851 [7] NCCL INFO Channel 03 : 7[dc000] -> 6[db000] via P2P/IPC
gn1228:22971:24158 [1] NCCL INFO Channel 00 : 9[1c000] -> 13[b2000] via P2P/indirect/11[3e000]
gn1228:22970:24161 [2] NCCL INFO Channel 00 : 10[3d000] -> 14[db000] via P2P/indirect/8[1b000]
gn1227:29699:30851 [7] NCCL INFO Channel 04 : 7[dc000] -> 6[db000] via P2P/IPC
gn1227:29697:30853 [3] NCCL INFO Channel 01 : 3[3e000] -> 2[3d000] via P2P/IPC
gn1228:22970:24161 [2] NCCL INFO Channel 04 : 10[3d000] -> 14[db000] via P2P/indirect/8[1b000]
gn1227:29699:30851 [7] NCCL INFO Channel 07 : 7[dc000] -> 6[db000] via P2P/IPC
gn1227:29692:30863 [0] NCCL INFO Connected all trees
gn1227:29692:30863 [0] NCCL INFO threadThresholds 8/8/64 | 128/8/64 | 8/8/512
gn1227:29692:30863 [0] NCCL INFO 8 coll channels, 8 p2p channels, 2 p2p channels per peer
gn1227:29692:30863 [0] NCCL INFO Channel 00 : 0[1b000] -> 4[b1000] via P2P/indirect/2[3d000]
gn1228:22974:24167 [3] NCCL INFO Channel 00 : 11[3e000] -> 15[dc000] via P2P/indirect/9[1c000]
gn1227:29697:30853 [3] NCCL INFO Channel 02 : 3[3e000] -> 2[3d000] via P2P/IPC
gn1228:22971:24158 [1] NCCL INFO Channel 04 : 9[1c000] -> 13[b2000] via P2P/indirect/11[3e000]
gn1227:29697:30853 [3] NCCL INFO Channel 05 : 3[3e000] -> 2[3d000] via P2P/IPC
gn1227:29692:30863 [0] NCCL INFO Channel 04 : 0[1b000] -> 4[b1000] via P2P/indirect/2[3d000]
gn1228:22974:24167 [3] NCCL INFO Channel 04 : 11[3e000] -> 15[dc000] via P2P/indirect/9[1c000]
gn1227:29697:30853 [3] NCCL INFO Channel 06 : 3[3e000] -> 2[3d000] via P2P/IPC
gn1228:22971:24158 [1] NCCL INFO Channel 01 : 9[1c000] -> 14[db000] via P2P/indirect/8[1b000]
gn1227:29699:30851 [7] NCCL INFO Connected all trees
gn1227:29699:30851 [7] NCCL INFO threadThresholds 8/8/64 | 128/8/64 | 8/8/512
gn1227:29699:30851 [7] NCCL INFO 8 coll channels, 8 p2p channels, 2 p2p channels per peer
